../Core/Src/mpu6050.c:101:6:mpu6050_init	8	static
../Core/Src/mpu6050.c:131:6:mpu6050_fifo_enable	8	static
../Core/Src/mpu6050.c:136:6:mpu6050_fifo_reset	8	static
../Core/Src/mpu6050.c:141:6:mpu6050_set_dlpf	16	static
../Core/Src/mpu6050.c:146:6:mpu6050_set_sample_rate	16	static
../Core/Src/mpu6050.c:153:7:mpu6050_get_sample_rate	24	static
../Core/Src/mpu6050.c:176:6:mpu6050_clock_source_Xgyro	8	static
../Core/Src/mpu6050.c:181:6:mpu6050_clock_source_Ygyro	8	static
../Core/Src/mpu6050.c:186:6:mpu6050_clock_source_Zgyro	8	static
../Core/Src/mpu6050.c:191:6:mpu6050_sleep	8	static
../Core/Src/mpu6050.c:196:6:mpu6050_device_reset	8	static
../Core/Src/mpu6050.c:201:6:mpu6050_temp_sensor_disable	8	static
../Core/Src/mpu6050.c:206:6:mpu6050_accel_only_low_power_mode	24	static
../Core/Src/mpu6050.c:226:6:mpu6050_set_wakeup_freq	16	static
../Core/Src/mpu6050.c:259:6:mpu6050_gyro_standby	16	static
../Core/Src/mpu6050.c:265:6:mpu6050_Xgyro_standby	8	static
../Core/Src/mpu6050.c:270:6:mpu6050_Ygyro_standby	8	static
../Core/Src/mpu6050.c:275:6:mpu6050_Zgyro_standby	8	static
../Core/Src/mpu6050.c:280:6:mpu6050_accel_standby	8	static
../Core/Src/mpu6050.c:288:6:mpu6050_Xaccel_standby	8	static
../Core/Src/mpu6050.c:293:6:mpu6050_Yaccel_standby	8	static
../Core/Src/mpu6050.c:298:6:mpu6050_Zaccel_standby	8	static
../Core/Src/mpu6050.c:303:6:mpu6050_temp_read	24	static
../Core/Src/mpu6050.c:324:6:mpu6050_gyro_read	24	static
../Core/Src/mpu6050.c:349:6:mpu6050_accel_read	24	static
../Core/Src/mpu6050.c:374:6:mpu6050_read_all	40	static
../Core/Src/mpu6050.c:403:6:mpu6050_fifo_count_check	24	static
../Core/Src/mpu6050.c:419:6:mpu6050_compute_orientation	24	static
